cargo :    Compiling backend v0.1.0 (C:\Signature\backend)
At line:1 char:1
+ cargo build 2>&1 | Tee-Object build-errors.txt
+ ~~~~~~~~~~~~~~~~
    + CategoryInfo          : NotSpecified: (   Compiling ba...nature\backend):String) [], RemoteException
    + FullyQualifiedErrorId : NativeCommandError
 
error[E0432]: unresolved import `crate::auth::jwt`
  --> src\handlers\auth.rs:10:18
   |
10 | use crate::auth::jwt::create_jwt;
   |                  ^^^ could not find `jwt` in `auth`

error[E0433]: failed to resolve: could not find `utils` in the crate root
 --> src\handlers\auth.rs:9:12
  |
9 | use crate::utils::password::{hash_password, verify_password};
  |            ^^^^^ could not find `utils` in the crate root

error[E0432]: unresolved import `crate::routes::auth`
 --> src\routes\mod.rs:7:20
  |
7 | use crate::routes::auth::create_auth_router;
  |                    ^^^^ could not find `auth` in `routes`

warning: unused import: `crate::models::User`
 --> src\handlers\auth.rs:7:5
  |
7 | use crate::models::User;
  |     ^^^^^^^^^^^^^^^^^^^
  |
  = note: `#[warn(unused_imports)]` (part of `#[warn(unused)]`) on by default

error[E0063]: missing field `jwt_secret` in initializer of `Config`
  --> src\config\mod.rs:22:12
   |
22 |         Ok(Config { listen, database_url, env })
   |            ^^^^^^ missing `jwt_secret`

error[E0277]: the trait bound `Uuid: serde::Serialize` is not satisfied
    --> src\models\user.rs:5:17
     |
   5 | #[derive(Debug, Serialize, Deserialize, Clone)]
     |                 ^^^^^^^^^ the trait `Serialize` is not implemented for `Uuid`
   6 | pub struct User {
   7 |     pub id: Uuid,
     |     --- required by a bound introduced by this call
     |
     = note: for local types consider adding `#[derive(serde::Serialize)]` to your `Uuid` type
     = note: for types from other crates check whether the crate offers a `serde` feature flag
     = help: the following other types implement trait `Serialize`:
               &'a T
               &'a mut T
               ()
               (T,)
               (T0, T1)
               (T0, T1, T2)
               (T0, T1, T2, T3)
               (T0, T1, T2, T3, T4)
             and 170 others
note: required by a bound in `config::_::_serde::ser::SerializeStruct::serialize_field`
    --> C:\Users\jkf1\.cargo\registry\src\index.crates.io-1949cf8c6b5b557f\serde_core-1.0.228\src\ser\mod.rs:1917:21
     |
1915 |     fn serialize_field<T>(&mut self, key: &'static str, value: &T) -> Result<(), Self::Error>
     |        --------------- required by a bound in this associated function
1916 |     where
1917 |         T: ?Sized + Serialize;
     |                     ^^^^^^^^^ required by this bound in `SerializeStruct::serialize_field`
     = note: this error originates in the derive macro `Serialize` (in Nightly builds, run with -Z macro-backtrace for more info)

error[E0277]: the trait bound `Uuid: serde::Deserialize<'de>` is not satisfied
    --> src\models\user.rs:7:13
     |
   7 |     pub id: Uuid,
     |             ^^^^ the trait `Deserialize<'_>` is not implemented for `Uuid`
     |
     = note: for local types consider adding `#[derive(serde::Deserialize)]` to your `Uuid` type
     = note: for types from other crates check whether the crate offers a `serde` feature flag
     = help: the following other types implement trait `Deserialize<'de>`:
               &'a JsonRawValue
               &'a [u8]
               &'a std::path::Path
               &'a str
               ()
               (T,)
               (T0, T1)
               (T0, T1, T2)
             and 187 others
note: required by a bound in `next_element`
    --> C:\Users\jkf1\.cargo\registry\src\index.crates.io-1949cf8c6b5b557f\serde_core-1.0.228\src\de\mod.rs:1771:12
     |
1769 |     fn next_element<T>(&mut self) -> Result<Option<T>, Self::Error>
     |        ------------ required by a bound in this associated function
1770 |     where
1771 |         T: Deserialize<'de>,
     |            ^^^^^^^^^^^^^^^^ required by this bound in `SeqAccess::next_element`

error[E0277]: the trait bound `Uuid: serde::Deserialize<'de>` is not satisfied
    --> src\models\user.rs:7:13
     |
   7 |     pub id: Uuid,
     |             ^^^^ the trait `Deserialize<'_>` is not implemented for `Uuid`
     |
     = note: for local types consider adding `#[derive(serde::Deserialize)]` to your `Uuid` type
     = note: for types from other crates check whether the crate offers a `serde` feature flag
     = help: the following other types implement trait `Deserialize<'de>`:
               &'a JsonRawValue
               &'a [u8]
               &'a std::path::Path
               &'a str
               ()
               (T,)
               (T0, T1)
               (T0, T1, T2)
             and 187 others
note: required by a bound in `next_value`
    --> C:\Users\jkf1\.cargo\registry\src\index.crates.io-1949cf8c6b5b557f\serde_core-1.0.228\src\de\mod.rs:1916:12
     |
1914 |     fn next_value<V>(&mut self) -> Result<V, Self::Error>
     |        ---------- required by a bound in this associated function
1915 |     where
1916 |         V: Deserialize<'de>,
     |            ^^^^^^^^^^^^^^^^ required by this bound in `MapAccess::next_value`

error[E0277]: the trait bound `Uuid: serde::Deserialize<'de>` is not satisfied
  --> src\models\user.rs:5:28
   |
 5 | #[derive(Debug, Serialize, Deserialize, Clone)]
   |                            ^^^^^^^^^^^ the trait `Deserialize<'_>` is not implemented for `Uuid`
   |
   = note: for local types consider adding `#[derive(serde::Deserialize)]` to your `Uuid` type
   = note: for types from other crates check whether the crate offers a `serde` feature flag
   = help: the following other types implement trait `Deserialize<'de>`:
             &'a JsonRawValue
             &'a [u8]
             &'a std::path::Path
             &'a str
             ()
             (T,)
             (T0, T1)
             (T0, T1, T2)
           and 187 others
note: required by a bound in `config::_::_serde::__private228::de::missing_field`
  --> C:\Users\jkf1\.cargo\registry\src\index.crates.io-1949cf8c6b5b557f\serde-1.0.228\src\private\de.rs:26:8
   |
24 | pub fn missing_field<'de, V, E>(field: &'static str) -> Result<V, E>
   |        ------------- required by a bound in this function
25 | where
26 |     V: Deserialize<'de>,
   |        ^^^^^^^^^^^^^^^^ required by this bound in `missing_field`
   = note: this error originates in the derive macro `Deserialize` (in Nightly builds, run with -Z macro-backtrace for more info)

Some errors have detailed explanations: E0063, E0277, E0432, E0433.
For more information about an error, try `rustc --explain E0063`.
warning: `backend` (bin "backend") generated 1 warning
error: could not compile `backend` (bin "backend") due to 8 previous errors; 1 warning emitted
